<html>
<body>
<pre>
<h1>µVision Build Log</h1>
<h2>Tool Versions:</h2>
IDE-Version: µVision V5.13.0.0
Copyright (C) 2014 ARM Ltd and ARM Germany GmbH. All rights reserved.
License Information: Dmitry Shvedov, NASA, LIC=HN0UH-WCTM4-HJL6M-X43B5-K5DI2-B0TL3
 
Tool Versions:
Toolchain:       MDK-ARM Standard  Version: 5.13.0.0
Toolchain Path:  C:\Keil_v5\ARM\ARMCC\Bin
C Compiler:      Armcc.exe V5.05 update 1 (build 106)
Assembler:       Armasm.exe V5.05 update 1 (build 106)
Linker/Locator:  ArmLink.exe V5.05 update 1 (build 106)
Library Manager: ArmAr.exe V5.05 update 1 (build 106)
Hex Converter:   FromElf.exe V5.05 update 1 (build 106)
CPU DLL:         SARMCM3.DLL V5.13.0.0
Dialog DLL:      DCM.DLL V1.13.1.0
Target DLL:      UL2CM3.DLL V1.154.12.0
Dialog DLL:      TCM.DLL V1.14.4.0
 
<h2>Project:</h2>
C:\SOFT_project\Mk\Project_Synhron_OKR12\Prog_1986VE92\Foch2\pj2.uvprojx
Project File Date:  03/05/2015

<h2>Output:</h2>
Rebuild target 'Target 1'
compiling main.c...
compiling spec_1508pl10.c...
assembling startup_MDR32F9Qx.s...
compiling system_MDR32F9Qx.c...
compiling MDR32F9Qx_adc.c...
compiling MDR32F9Qx_bkp.c...
compiling MDR32F9Qx_dac.c...
compiling MDR32F9Qx_i2c.c...
compiling MDR32F9Qx_iwdg.c...
compiling MDR32F9Qx_port.c...
compiling MDR32F9Qx_rst_clk.c...
compiling MDR32F9Qx_ssp.c...
compiling MDR32F9Qx_timer.c...
compiling MDR32F9Qx_uart.c...
linking...
Program Size: Code=11812 RO-data=536 RW-data=108 ZI-data=25708  
FromELF: creating hex file...
".\Objects\pj2.axf" - 0 Error(s), 0 Warning(s).

<h2>Software Packages used:</h2>

Package Vendor: Keil
                http://www.keil.com/pack/Keil.MDR1986BExx.1.4.pack
                Keil::Device:Startup_MDR1986BE9x:1.3.1
                Milandr MDR1986BExx Series Device Support, Drivers and Examples
   * Component: Startup_MDR1986BE9x Version: 1.3.1
   * Component: LIB Version: 1.3.1
   * Component: ADC Version: 1.3.1
   * Component: BKP Version: 1.3.1
   * Component: DAC Version: 1.3.1
   * Component: I2C Version: 1.3.1
   * Component: IWDG Version: 1.3.1
   * Component: PORT Version: 1.3.1
   * Component: RST_CLK Version: 1.3.1
   * Component: SSP Version: 1.3.1
   * Component: TIMER Version: 1.3.1
   * Component: UART Version: 1.3.1

<h2>Collection of Component include folders:</h2>
  C:\SOFT_project\Mk\Project_Synhron_OKR12\Prog_1986VE92\Foch2\RTE
  C:\SOFT_project\Mk\Project_Synhron_OKR12\Prog_1986VE92\Foch2\RTE\Device\MDR1986BE92
  C:\Keil_v5\ARM\PACK\Keil\MDR1986BExx\1.4\Config
  C:\Keil_v5\ARM\PACK\Keil\MDR1986BExx\1.4\Libraries\CMSIS\CM3\CoreSupport
  C:\Keil_v5\ARM\PACK\Keil\MDR1986BExx\1.4\Libraries\CMSIS\CM3\DeviceSupport\MDR32F9Qx\inc
  C:\Keil_v5\ARM\PACK\Keil\MDR1986BExx\1.4\Libraries\MDR32F9Qx_StdPeriph_Driver\inc

<h2>Collection of Component Files used:</h2>

   * Component: Keil::Device:Startup_MDR1986BE9x:1.3.1
      Source file:   Libraries\CMSIS\CM3\DeviceSupport\MDR32F9Qx\startup\arm\startup_MDR32F9Qx.s
      Source file:   Libraries\CMSIS\CM3\DeviceSupport\MDR32F9Qx\startup\arm\system_MDR32F9Qx.c
      Include file:  Libraries\CMSIS\CM3\DeviceSupport\MDR32F9Qx\startup\arm\system_MDR32F9Qx.h
      Include file:  Libraries\CMSIS\CM3\CoreSupport\core_cm3.h
      Include file:  Config\MDR32F9Qx_config.h

   * Component: Keil::Drivers:LIB:1.3.1
      Include file:  Libraries\MDR32F9Qx_StdPeriph_Driver\inc\MDR32F9Qx_lib.h

   * Component: Keil::Drivers:ADC:1.3.1
      Include file:  Libraries\MDR32F9Qx_StdPeriph_Driver\inc\MDR32F9Qx_adc.h
      Source file:   Libraries\MDR32F9Qx_StdPeriph_Driver\src\MDR32F9Qx_adc.c

   * Component: Keil::Drivers:BKP:1.3.1
      Include file:  Libraries\MDR32F9Qx_StdPeriph_Driver\inc\MDR32F9Qx_bkp.h
      Source file:   Libraries\MDR32F9Qx_StdPeriph_Driver\src\MDR32F9Qx_bkp.c

   * Component: Keil::Drivers:DAC:1.3.1
      Include file:  Libraries\MDR32F9Qx_StdPeriph_Driver\inc\MDR32F9Qx_dac.h
      Source file:   Libraries\MDR32F9Qx_StdPeriph_Driver\src\MDR32F9Qx_dac.c

   * Component: Keil::Drivers:I2C:1.3.1
      Include file:  Libraries\MDR32F9Qx_StdPeriph_Driver\inc\MDR32F9Qx_i2c.h
      Source file:   Libraries\MDR32F9Qx_StdPeriph_Driver\src\MDR32F9Qx_i2c.c

   * Component: Keil::Drivers:IWDG:1.3.1
      Include file:  Libraries\MDR32F9Qx_StdPeriph_Driver\inc\MDR32F9Qx_iwdg.h
      Source file:   Libraries\MDR32F9Qx_StdPeriph_Driver\src\MDR32F9Qx_iwdg.c

   * Component: Keil::Drivers:PORT:1.3.1
      Include file:  Libraries\MDR32F9Qx_StdPeriph_Driver\inc\MDR32F9Qx_port.h
      Source file:   Libraries\MDR32F9Qx_StdPeriph_Driver\src\MDR32F9Qx_port.c

   * Component: Keil::Drivers:RST_CLK:1.3.1
      Include file:  Libraries\MDR32F9Qx_StdPeriph_Driver\inc\MDR32F9Qx_rst_clk.h
      Source file:   Libraries\MDR32F9Qx_StdPeriph_Driver\src\MDR32F9Qx_rst_clk.c

   * Component: Keil::Drivers:SSP:1.3.1
      Include file:  Libraries\MDR32F9Qx_StdPeriph_Driver\inc\MDR32F9Qx_ssp.h
      Source file:   Libraries\MDR32F9Qx_StdPeriph_Driver\src\MDR32F9Qx_ssp.c

   * Component: Keil::Drivers:TIMER:1.3.1
      Include file:  Libraries\MDR32F9Qx_StdPeriph_Driver\inc\MDR32F9Qx_timer.h
      Source file:   Libraries\MDR32F9Qx_StdPeriph_Driver\src\MDR32F9Qx_timer.c

   * Component: Keil::Drivers:UART:1.3.1
      Include file:  Libraries\MDR32F9Qx_StdPeriph_Driver\inc\MDR32F9Qx_uart.h
      Source file:   Libraries\MDR32F9Qx_StdPeriph_Driver\src\MDR32F9Qx_uart.c
</pre>
</body>
</html>
